// Vitest Snapshot v1, https://vitest.dev/guide/snapshot.html

exports[`returns "undefined" if no line that can be equal to another exist 1`] = `undefined`;

exports[`returns "undefined" if no line that can be equal to another exist 2`] = `undefined`;

exports[`returns "undefined" if no line that can be equal to another exist 3`] = `undefined`;

exports[`returns "undefined" if no line that can be equal to another exist 4`] = `undefined`;

exports[`selects line that can be equal to another 1`] = `"portrait"`;

exports[`selects line that can be equal to another 2`] = `
{ðŸŸ¥} {â¬œ} {â¬œ} {ðŸŸ¦}
[â¬œ] [â¬œ] [â¬œ] [â¬œ]
{ðŸŸ¥} {â¬œ} {â¬œ} {ðŸŸ¦}
[â¬œ] [â¬œ] [â¬œ] [â¬œ]
`;

exports[`selects line that can be equal to another 3`] = `"portrait"`;

exports[`selects line that can be equal to another 4`] = `
[â¬œ] [â¬œ] [â¬œ] [â¬œ]
{ðŸŸ¥} {â¬œ} {â¬œ} {ðŸŸ¦}
[â¬œ] [â¬œ] [â¬œ] [â¬œ]
{ðŸŸ¥} {â¬œ} {â¬œ} {ðŸŸ¦}
`;

exports[`selects line that can be equal to another 5`] = `"landscape"`;

exports[`selects line that can be equal to another 6`] = `
{ðŸŸ¥} [â¬œ] {ðŸŸ¥} [â¬œ]
{â¬œ} [â¬œ] {â¬œ} [â¬œ]
{â¬œ} [â¬œ] {â¬œ} [â¬œ]
{ðŸŸ¦} [â¬œ] {ðŸŸ¦} [â¬œ]
`;

exports[`selects line that can be equal to another 7`] = `"landscape"`;

exports[`selects line that can be equal to another 8`] = `
[â¬œ] {ðŸŸ¥} [â¬œ] {ðŸŸ¥}
[â¬œ] {â¬œ} [â¬œ] {â¬œ}
[â¬œ] {â¬œ} [â¬œ] {â¬œ}
[â¬œ] {ðŸŸ¦} [â¬œ] {ðŸŸ¦}
`;
