// Vitest Snapshot v1, https://vitest.dev/guide/snapshot.html

exports[`returns "undefined" if no next cell after two identical exist 1`] = `undefined`;

exports[`returns "undefined" if no next cell after two identical exist 2`] = `undefined`;

exports[`returns "undefined" if no next cell after two identical exist 3`] = `undefined`;

exports[`returns "undefined" if no next cell after two identical exist 4`] = `undefined`;

exports[`selects next cell after two identical 1`] = `"portrait"`;

exports[`selects next cell after two identical 2`] = `
[â¬œ] [â¬œ] [â¬œ] [â¬œ]
[ðŸŸ¥] [ðŸŸ¥] {â¬œ} [â¬œ]
[â¬œ] [â¬œ] [â¬œ] [â¬œ]
[â¬œ] [â¬œ] [â¬œ] [â¬œ]
`;

exports[`selects next cell after two identical 3`] = `"portrait"`;

exports[`selects next cell after two identical 4`] = `
[â¬œ] [â¬œ] [â¬œ] [â¬œ]
[â¬œ] {â¬œ} [ðŸŸ¥] [ðŸŸ¥]
[â¬œ] [â¬œ] [â¬œ] [â¬œ]
[â¬œ] [â¬œ] [â¬œ] [â¬œ]
`;

exports[`selects next cell after two identical 5`] = `"landscape"`;

exports[`selects next cell after two identical 6`] = `
[â¬œ] [ðŸŸ¥] [â¬œ] [â¬œ]
[â¬œ] [ðŸŸ¥] [â¬œ] [â¬œ]
[â¬œ] {â¬œ} [â¬œ] [â¬œ]
[â¬œ] [â¬œ] [â¬œ] [â¬œ]
`;

exports[`selects next cell after two identical 7`] = `"landscape"`;

exports[`selects next cell after two identical 8`] = `
[â¬œ] [â¬œ] [â¬œ] [â¬œ]
[â¬œ] {â¬œ} [â¬œ] [â¬œ]
[â¬œ] [ðŸŸ¥] [â¬œ] [â¬œ]
[â¬œ] [ðŸŸ¥] [â¬œ] [â¬œ]
`;
