// Vitest Snapshot v1, https://vitest.dev/guide/snapshot.html

exports[`returns "undefined" if no line that includes another exist 1`] = `undefined`;

exports[`returns "undefined" if no line that includes another exist 2`] = `undefined`;

exports[`returns "undefined" if no line that includes another exist 3`] = `undefined`;

exports[`returns "undefined" if no line that includes another exist 4`] = `undefined`;

exports[`returns "undefined" if no line that includes another exist 5`] = `undefined`;

exports[`returns "undefined" if no line that includes another exist 6`] = `undefined`;

exports[`returns "undefined" if no line that includes another exist 7`] = `undefined`;

exports[`returns "undefined" if no line that includes another exist 8`] = `undefined`;

exports[`selects line that includes another 1`] = `1`;

exports[`selects line that includes another 2`] = `
{ğŸŸ¥} {ğŸŸ¥} {ğŸŸ¦} {ğŸŸ¦}
[â¬œ] [â¬œ] [â¬œ] [â¬œ]
{ğŸŸ¥} {â¬œ} {â¬œ} {ğŸŸ¦}
[â¬œ] [â¬œ] [â¬œ] [â¬œ]
`;

exports[`selects line that includes another 3`] = `1`;

exports[`selects line that includes another 4`] = `
[â¬œ] [â¬œ] [â¬œ] [â¬œ]
{ğŸŸ¥} {ğŸŸ¥} {ğŸŸ¦} {ğŸŸ¦}
[â¬œ] [â¬œ] [â¬œ] [â¬œ]
{ğŸŸ¥} {â¬œ} {â¬œ} {ğŸŸ¦}
`;

exports[`selects line that includes another 5`] = `1`;

exports[`selects line that includes another 6`] = `
{ğŸŸ¥} {â¬œ} {â¬œ} {ğŸŸ¦}
[â¬œ] [â¬œ] [â¬œ] [â¬œ]
{ğŸŸ¥} {ğŸŸ¥} {ğŸŸ¦} {ğŸŸ¦}
[â¬œ] [â¬œ] [â¬œ] [â¬œ]
`;

exports[`selects line that includes another 7`] = `1`;

exports[`selects line that includes another 8`] = `
[â¬œ] [â¬œ] [â¬œ] [â¬œ]
{ğŸŸ¥} {â¬œ} {â¬œ} {ğŸŸ¦}
[â¬œ] [â¬œ] [â¬œ] [â¬œ]
{ğŸŸ¥} {ğŸŸ¥} {ğŸŸ¦} {ğŸŸ¦}
`;

exports[`selects line that includes another 9`] = `0`;

exports[`selects line that includes another 10`] = `
{ğŸŸ¥} [â¬œ] {ğŸŸ¥} [â¬œ]
{ğŸŸ¥} [â¬œ] {â¬œ} [â¬œ]
{ğŸŸ¦} [â¬œ] {â¬œ} [â¬œ]
{ğŸŸ¦} [â¬œ] {ğŸŸ¦} [â¬œ]
`;

exports[`selects line that includes another 11`] = `0`;

exports[`selects line that includes another 12`] = `
[â¬œ] {ğŸŸ¥} [â¬œ] {ğŸŸ¥}
[â¬œ] {ğŸŸ¥} [â¬œ] {â¬œ}
[â¬œ] {ğŸŸ¦} [â¬œ] {â¬œ}
[â¬œ] {ğŸŸ¦} [â¬œ] {ğŸŸ¦}
`;

exports[`selects line that includes another 13`] = `0`;

exports[`selects line that includes another 14`] = `
{ğŸŸ¥} [â¬œ] {ğŸŸ¥} [â¬œ]
{â¬œ} [â¬œ] {ğŸŸ¥} [â¬œ]
{â¬œ} [â¬œ] {ğŸŸ¦} [â¬œ]
{ğŸŸ¦} [â¬œ] {ğŸŸ¦} [â¬œ]
`;

exports[`selects line that includes another 15`] = `0`;

exports[`selects line that includes another 16`] = `
[â¬œ] {ğŸŸ¥} [â¬œ] {ğŸŸ¥}
[â¬œ] {â¬œ} [â¬œ] {ğŸŸ¥}
[â¬œ] {â¬œ} [â¬œ] {ğŸŸ¦}
[â¬œ] {ğŸŸ¦} [â¬œ] {ğŸŸ¦}
`;

exports[`selects line that includes another 17`] = `1`;

exports[`selects line that includes another 18`] = `
{ğŸŸ¥} {ğŸŸ¥} {ğŸŸ¦} {ğŸŸ¦} {ğŸŸ¥} {ğŸŸ¦}
[â¬œ] [â¬œ] [â¬œ] [â¬œ] [â¬œ] [â¬œ]
{ğŸŸ¥} {ğŸŸ¥} {ğŸŸ¦} {ğŸŸ¦} {â¬œ} {â¬œ}
[â¬œ] [â¬œ] [â¬œ] [â¬œ] [â¬œ] [â¬œ]
[â¬œ] [â¬œ] [â¬œ] [â¬œ] [â¬œ] [â¬œ]
[â¬œ] [â¬œ] [â¬œ] [â¬œ] [â¬œ] [â¬œ]
`;

exports[`selects line that includes another 19`] = `1`;

exports[`selects line that includes another 20`] = `
[â¬œ] [â¬œ] [â¬œ] [â¬œ] [â¬œ] [â¬œ]
[â¬œ] [â¬œ] [â¬œ] [â¬œ] [â¬œ] [â¬œ]
[â¬œ] [â¬œ] [â¬œ] [â¬œ] [â¬œ] [â¬œ]
{ğŸŸ¥} {ğŸŸ¥} {ğŸŸ¦} {ğŸŸ¦} {ğŸŸ¥} {ğŸŸ¦}
[â¬œ] [â¬œ] [â¬œ] [â¬œ] [â¬œ] [â¬œ]
{ğŸŸ¥} {ğŸŸ¥} {ğŸŸ¦} {ğŸŸ¦} {â¬œ} {â¬œ}
`;

exports[`selects line that includes another 21`] = `1`;

exports[`selects line that includes another 22`] = `
{ğŸŸ¥} {ğŸŸ¥} {ğŸŸ¦} {ğŸŸ¦} {â¬œ} {â¬œ}
[â¬œ] [â¬œ] [â¬œ] [â¬œ] [â¬œ] [â¬œ]
{ğŸŸ¥} {ğŸŸ¥} {ğŸŸ¦} {ğŸŸ¦} {ğŸŸ¥} {ğŸŸ¦}
[â¬œ] [â¬œ] [â¬œ] [â¬œ] [â¬œ] [â¬œ]
[â¬œ] [â¬œ] [â¬œ] [â¬œ] [â¬œ] [â¬œ]
[â¬œ] [â¬œ] [â¬œ] [â¬œ] [â¬œ] [â¬œ]
`;

exports[`selects line that includes another 23`] = `1`;

exports[`selects line that includes another 24`] = `
[â¬œ] [â¬œ] [â¬œ] [â¬œ] [â¬œ] [â¬œ]
[â¬œ] [â¬œ] [â¬œ] [â¬œ] [â¬œ] [â¬œ]
[â¬œ] [â¬œ] [â¬œ] [â¬œ] [â¬œ] [â¬œ]
{ğŸŸ¥} {ğŸŸ¥} {ğŸŸ¦} {ğŸŸ¦} {â¬œ} {â¬œ}
[â¬œ] [â¬œ] [â¬œ] [â¬œ] [â¬œ] [â¬œ]
{ğŸŸ¥} {ğŸŸ¥} {ğŸŸ¦} {ğŸŸ¦} {ğŸŸ¥} {ğŸŸ¦}
`;

exports[`selects line that includes another 25`] = `0`;

exports[`selects line that includes another 26`] = `
{ğŸŸ¥} [â¬œ] {ğŸŸ¥} [â¬œ] [â¬œ] [â¬œ]
{ğŸŸ¥} [â¬œ] {ğŸŸ¥} [â¬œ] [â¬œ] [â¬œ]
{ğŸŸ¦} [â¬œ] {ğŸŸ¦} [â¬œ] [â¬œ] [â¬œ]
{ğŸŸ¦} [â¬œ] {ğŸŸ¦} [â¬œ] [â¬œ] [â¬œ]
{ğŸŸ¥} [â¬œ] {â¬œ} [â¬œ] [â¬œ] [â¬œ]
{ğŸŸ¦} [â¬œ] {â¬œ} [â¬œ] [â¬œ] [â¬œ]
`;

exports[`selects line that includes another 27`] = `0`;

exports[`selects line that includes another 28`] = `
[â¬œ] [â¬œ] [â¬œ] {ğŸŸ¥} [â¬œ] {ğŸŸ¥}
[â¬œ] [â¬œ] [â¬œ] {ğŸŸ¥} [â¬œ] {ğŸŸ¥}
[â¬œ] [â¬œ] [â¬œ] {ğŸŸ¦} [â¬œ] {ğŸŸ¦}
[â¬œ] [â¬œ] [â¬œ] {ğŸŸ¦} [â¬œ] {ğŸŸ¦}
[â¬œ] [â¬œ] [â¬œ] {ğŸŸ¥} [â¬œ] {â¬œ}
[â¬œ] [â¬œ] [â¬œ] {ğŸŸ¦} [â¬œ] {â¬œ}
`;

exports[`selects line that includes another 29`] = `0`;

exports[`selects line that includes another 30`] = `
{ğŸŸ¥} [â¬œ] {ğŸŸ¥} [â¬œ] [â¬œ] [â¬œ]
{ğŸŸ¥} [â¬œ] {ğŸŸ¥} [â¬œ] [â¬œ] [â¬œ]
{ğŸŸ¦} [â¬œ] {ğŸŸ¦} [â¬œ] [â¬œ] [â¬œ]
{ğŸŸ¦} [â¬œ] {ğŸŸ¦} [â¬œ] [â¬œ] [â¬œ]
{â¬œ} [â¬œ] {ğŸŸ¥} [â¬œ] [â¬œ] [â¬œ]
{â¬œ} [â¬œ] {ğŸŸ¦} [â¬œ] [â¬œ] [â¬œ]
`;

exports[`selects line that includes another 31`] = `0`;

exports[`selects line that includes another 32`] = `
[â¬œ] [â¬œ] [â¬œ] {ğŸŸ¥} [â¬œ] {ğŸŸ¥}
[â¬œ] [â¬œ] [â¬œ] {ğŸŸ¥} [â¬œ] {ğŸŸ¥}
[â¬œ] [â¬œ] [â¬œ] {ğŸŸ¦} [â¬œ] {ğŸŸ¦}
[â¬œ] [â¬œ] [â¬œ] {ğŸŸ¦} [â¬œ] {ğŸŸ¦}
[â¬œ] [â¬œ] [â¬œ] {â¬œ} [â¬œ] {ğŸŸ¥}
[â¬œ] [â¬œ] [â¬œ] {â¬œ} [â¬œ] {ğŸŸ¦}
`;
