// Vitest Snapshot v1, https://vitest.dev/guide/snapshot.html

exports[`generate board lines 1`] = `
[
  {游린} {游린} {游릱} {游릱},
  {游린} {游릱} {游린} {游릱},
  {游린} {游릱} {游릱} {游린},
  {游릱} {游린} {游린} {游릱},
  {游릱} {游린} {游릱} {游린},
  {游릱} {游릱} {游린} {游린},
]
`;

exports[`generate board lines 2`] = `
[
  {游린} {游린} {游릱} {游린} {游릱} {游릱},
  {游린} {游린} {游릱} {游릱} {游린} {游릱},
  {游린} {游릱} {游린} {游린} {游릱} {游릱},
  {游린} {游릱} {游린} {游릱} {游린} {游릱},
  {游린} {游릱} {游린} {游릱} {游릱} {游린},
  {游린} {游릱} {游릱} {游린} {游린} {游릱},
  {游린} {游릱} {游릱} {游린} {游릱} {游린},
  {游릱} {游린} {游린} {游릱} {游린} {游릱},
  {游릱} {游린} {游린} {游릱} {游릱} {游린},
  {游릱} {游린} {游릱} {游린} {游린} {游릱},
  {游릱} {游린} {游릱} {游린} {游릱} {游린},
  {游릱} {游린} {游릱} {游릱} {游린} {游린},
  {游릱} {游릱} {游린} {游린} {游릱} {游린},
  {游릱} {游릱} {游린} {游릱} {游린} {游린},
]
`;

exports[`generate board lines 3`] = `
[
  {游린} {游린} {游릱} {游린} {游릱} {游린} {游릱} {游릱},
  {游린} {游린} {游릱} {游린} {游릱} {游릱} {游린} {游릱},
  {游린} {游린} {游릱} {游릱} {游린} {游린} {游릱} {游릱},
  {游린} {游린} {游릱} {游릱} {游린} {游릱} {游린} {游릱},
  {游린} {游린} {游릱} {游릱} {游린} {游릱} {游릱} {游린},
  {游린} {游릱} {游린} {游린} {游릱} {游린} {游릱} {游릱},
  {游린} {游릱} {游린} {游린} {游릱} {游릱} {游린} {游릱},
  {游린} {游릱} {游린} {游릱} {游린} {游린} {游릱} {游릱},
  {游린} {游릱} {游린} {游릱} {游린} {游릱} {游린} {游릱},
  {游린} {游릱} {游린} {游릱} {游린} {游릱} {游릱} {游린},
  {游린} {游릱} {游린} {游릱} {游릱} {游린} {游린} {游릱},
  {游린} {游릱} {游린} {游릱} {游릱} {游린} {游릱} {游린},
  {游린} {游릱} {游릱} {游린} {游린} {游릱} {游린} {游릱},
  {游린} {游릱} {游릱} {游린} {游린} {游릱} {游릱} {游린},
  {游린} {游릱} {游릱} {游린} {游릱} {游린} {游린} {游릱},
  {游린} {游릱} {游릱} {游린} {游릱} {游린} {游릱} {游린},
  {游린} {游릱} {游릱} {游린} {游릱} {游릱} {游린} {游린},
  {游릱} {游린} {游린} {游릱} {游린} {游린} {游릱} {游릱},
  {游릱} {游린} {游린} {游릱} {游린} {游릱} {游린} {游릱},
  {游릱} {游린} {游린} {游릱} {游린} {游릱} {游릱} {游린},
  {游릱} {游린} {游린} {游릱} {游릱} {游린} {游린} {游릱},
  {游릱} {游린} {游린} {游릱} {游릱} {游린} {游릱} {游린},
  {游릱} {游린} {游릱} {游린} {游린} {游릱} {游린} {游릱},
  {游릱} {游린} {游릱} {游린} {游린} {游릱} {游릱} {游린},
  {游릱} {游린} {游릱} {游린} {游릱} {游린} {游린} {游릱},
  {游릱} {游린} {游릱} {游린} {游릱} {游린} {游릱} {游린},
  {游릱} {游린} {游릱} {游린} {游릱} {游릱} {游린} {游린},
  {游릱} {游린} {游릱} {游릱} {游린} {游린} {游릱} {游린},
  {游릱} {游린} {游릱} {游릱} {游린} {游릱} {游린} {游린},
  {游릱} {游릱} {游린} {游린} {游릱} {游린} {游린} {游릱},
  {游릱} {游릱} {游린} {游린} {游릱} {游린} {游릱} {游린},
  {游릱} {游릱} {游린} {游린} {游릱} {游릱} {游린} {游린},
  {游릱} {游릱} {游린} {游릱} {游린} {游린} {游릱} {游린},
  {游릱} {游릱} {游린} {游릱} {游린} {游릱} {游린} {游린},
]
`;

exports[`generate board lines 4`] = `
[
  {游린} {游린} {游릱} {游린} {游린} {游릱} {游릱} {游린} {游릱} {游릱},
  {游린} {游린} {游릱} {游린} {游릱} {游린} {游릱} {游린} {游릱} {游릱},
  {游린} {游린} {游릱} {游린} {游릱} {游린} {游릱} {游릱} {游린} {游릱},
  {游린} {游린} {游릱} {游린} {游릱} {游릱} {游린} {游린} {游릱} {游릱},
  {游린} {游린} {游릱} {游린} {游릱} {游릱} {游린} {游릱} {游린} {游릱},
  {游린} {游린} {游릱} {游린} {游릱} {游릱} {游린} {游릱} {游릱} {游린},
  {游린} {游린} {游릱} {游릱} {游린} {游린} {游릱} {游린} {游릱} {游릱},
  {游린} {游린} {游릱} {游릱} {游린} {游린} {游릱} {游릱} {游린} {游릱},
  {游린} {游린} {游릱} {游릱} {游린} {游릱} {游린} {游린} {游릱} {游릱},
  {游린} {游린} {游릱} {游릱} {游린} {游릱} {游린} {游릱} {游린} {游릱},
  {游린} {游린} {游릱} {游릱} {游린} {游릱} {游린} {游릱} {游릱} {游린},
  {游린} {游린} {游릱} {游릱} {游린} {游릱} {游릱} {游린} {游린} {游릱},
  {游린} {游린} {游릱} {游릱} {游린} {游릱} {游릱} {游린} {游릱} {游린},
  {游린} {游릱} {游린} {游린} {游릱} {游린} {游릱} {游린} {游릱} {游릱},
  {游린} {游릱} {游린} {游린} {游릱} {游린} {游릱} {游릱} {游린} {游릱},
  {游린} {游릱} {游린} {游린} {游릱} {游릱} {游린} {游린} {游릱} {游릱},
  {游린} {游릱} {游린} {游린} {游릱} {游릱} {游린} {游릱} {游린} {游릱},
  {游린} {游릱} {游린} {游린} {游릱} {游릱} {游린} {游릱} {游릱} {游린},
  {游린} {游릱} {游린} {游릱} {游린} {游린} {游릱} {游린} {游릱} {游릱},
  {游린} {游릱} {游린} {游릱} {游린} {游린} {游릱} {游릱} {游린} {游릱},
  {游린} {游릱} {游린} {游릱} {游린} {游릱} {游린} {游린} {游릱} {游릱},
  {游린} {游릱} {游린} {游릱} {游린} {游릱} {游린} {游릱} {游린} {游릱},
  {游린} {游릱} {游린} {游릱} {游린} {游릱} {游린} {游릱} {游릱} {游린},
  {游린} {游릱} {游린} {游릱} {游린} {游릱} {游릱} {游린} {游린} {游릱},
  {游린} {游릱} {游린} {游릱} {游린} {游릱} {游릱} {游린} {游릱} {游린},
  {游린} {游릱} {游린} {游릱} {游릱} {游린} {游린} {游릱} {游린} {游릱},
  {游린} {游릱} {游린} {游릱} {游릱} {游린} {游린} {游릱} {游릱} {游린},
  {游린} {游릱} {游린} {游릱} {游릱} {游린} {游릱} {游린} {游린} {游릱},
  {游린} {游릱} {游린} {游릱} {游릱} {游린} {游릱} {游린} {游릱} {游린},
  {游린} {游릱} {游린} {游릱} {游릱} {游린} {游릱} {游릱} {游린} {游린},
  {游린} {游릱} {游릱} {游린} {游린} {游릱} {游린} {游린} {游릱} {游릱},
  {游린} {游릱} {游릱} {游린} {游린} {游릱} {游린} {游릱} {游린} {游릱},
  {游린} {游릱} {游릱} {游린} {游린} {游릱} {游린} {游릱} {游릱} {游린},
  {游린} {游릱} {游릱} {游린} {游린} {游릱} {游릱} {游린} {游린} {游릱},
  {游린} {游릱} {游릱} {游린} {游린} {游릱} {游릱} {游린} {游릱} {游린},
  {游린} {游릱} {游릱} {游린} {游릱} {游린} {游린} {游릱} {游린} {游릱},
  {游린} {游릱} {游릱} {游린} {游릱} {游린} {游린} {游릱} {游릱} {游린},
  {游린} {游릱} {游릱} {游린} {游릱} {游린} {游릱} {游린} {游린} {游릱},
  {游린} {游릱} {游릱} {游린} {游릱} {游린} {游릱} {游린} {游릱} {游린},
  {游린} {游릱} {游릱} {游린} {游릱} {游린} {游릱} {游릱} {游린} {游린},
  {游린} {游릱} {游릱} {游린} {游릱} {游릱} {游린} {游린} {游릱} {游린},
  {游린} {游릱} {游릱} {游린} {游릱} {游릱} {游린} {游릱} {游린} {游린},
  {游릱} {游린} {游린} {游릱} {游린} {游린} {游릱} {游린} {游릱} {游릱},
  {游릱} {游린} {游린} {游릱} {游린} {游린} {游릱} {游릱} {游린} {游릱},
  {游릱} {游린} {游린} {游릱} {游린} {游릱} {游린} {游린} {游릱} {游릱},
  {游릱} {游린} {游린} {游릱} {游린} {游릱} {游린} {游릱} {游린} {游릱},
  {游릱} {游린} {游린} {游릱} {游린} {游릱} {游린} {游릱} {游릱} {游린},
  {游릱} {游린} {游린} {游릱} {游린} {游릱} {游릱} {游린} {游린} {游릱},
  {游릱} {游린} {游린} {游릱} {游린} {游릱} {游릱} {游린} {游릱} {游린},
  {游릱} {游린} {游린} {游릱} {游릱} {游린} {游린} {游릱} {游린} {游릱},
  {游릱} {游린} {游린} {游릱} {游릱} {游린} {游린} {游릱} {游릱} {游린},
  {游릱} {游린} {游린} {游릱} {游릱} {游린} {游릱} {游린} {游린} {游릱},
  {游릱} {游린} {游린} {游릱} {游릱} {游린} {游릱} {游린} {游릱} {游린},
  {游릱} {游린} {游린} {游릱} {游릱} {游린} {游릱} {游릱} {游린} {游린},
  {游릱} {游린} {游릱} {游린} {游린} {游릱} {游린} {游린} {游릱} {游릱},
  {游릱} {游린} {游릱} {游린} {游린} {游릱} {游린} {游릱} {游린} {游릱},
  {游릱} {游린} {游릱} {游린} {游린} {游릱} {游린} {游릱} {游릱} {游린},
  {游릱} {游린} {游릱} {游린} {游린} {游릱} {游릱} {游린} {游린} {游릱},
  {游릱} {游린} {游릱} {游린} {游린} {游릱} {游릱} {游린} {游릱} {游린},
  {游릱} {游린} {游릱} {游린} {游릱} {游린} {游린} {游릱} {游린} {游릱},
  {游릱} {游린} {游릱} {游린} {游릱} {游린} {游린} {游릱} {游릱} {游린},
  {游릱} {游린} {游릱} {游린} {游릱} {游린} {游릱} {游린} {游린} {游릱},
  {游릱} {游린} {游릱} {游린} {游릱} {游린} {游릱} {游린} {游릱} {游린},
  {游릱} {游린} {游릱} {游린} {游릱} {游린} {游릱} {游릱} {游린} {游린},
  {游릱} {游린} {游릱} {游린} {游릱} {游릱} {游린} {游린} {游릱} {游린},
  {游릱} {游린} {游릱} {游린} {游릱} {游릱} {游린} {游릱} {游린} {游린},
  {游릱} {游린} {游릱} {游릱} {游린} {游린} {游릱} {游린} {游린} {游릱},
  {游릱} {游린} {游릱} {游릱} {游린} {游린} {游릱} {游린} {游릱} {游린},
  {游릱} {游린} {游릱} {游릱} {游린} {游린} {游릱} {游릱} {游린} {游린},
  {游릱} {游린} {游릱} {游릱} {游린} {游릱} {游린} {游린} {游릱} {游린},
  {游릱} {游린} {游릱} {游릱} {游린} {游릱} {游린} {游릱} {游린} {游린},
  {游릱} {游릱} {游린} {游린} {游릱} {游린} {游린} {游릱} {游린} {游릱},
  {游릱} {游릱} {游린} {游린} {游릱} {游린} {游린} {游릱} {游릱} {游린},
  {游릱} {游릱} {游린} {游린} {游릱} {游린} {游릱} {游린} {游린} {游릱},
  {游릱} {游릱} {游린} {游린} {游릱} {游린} {游릱} {游린} {游릱} {游린},
  {游릱} {游릱} {游린} {游린} {游릱} {游린} {游릱} {游릱} {游린} {游린},
  {游릱} {游릱} {游린} {游린} {游릱} {游릱} {游린} {游린} {游릱} {游린},
  {游릱} {游릱} {游린} {游린} {游릱} {游릱} {游린} {游릱} {游린} {游린},
  {游릱} {游릱} {游린} {游릱} {游린} {游린} {游릱} {游린} {游린} {游릱},
  {游릱} {游릱} {游린} {游릱} {游린} {游린} {游릱} {游린} {游릱} {游린},
  {游릱} {游릱} {游린} {游릱} {游린} {游린} {游릱} {游릱} {游린} {游린},
  {游릱} {游릱} {游린} {游릱} {游린} {游릱} {游린} {游린} {游릱} {游린},
  {游릱} {游릱} {游린} {游릱} {游린} {游릱} {游린} {游릱} {游린} {游린},
  {游릱} {游릱} {游린} {游릱} {游릱} {游린} {游린} {游릱} {游린} {游린},
]
`;

exports[`generate board lines 5`] = `
[
  {游린} {游린} {游릱} {游린} {游린} {游릱} {游린} {游릱} {游릱} {游린} {游릱} {游릱},
  {游린} {游린} {游릱} {游린} {游린} {游릱} {游릱} {游린} {游릱} {游린} {游릱} {游릱},
  {游린} {游린} {游릱} {游린} {游린} {游릱} {游릱} {游린} {游릱} {游릱} {游린} {游릱},
  {游린} {游린} {游릱} {游린} {游릱} {游린} {游린} {游릱} {游릱} {游린} {游릱} {游릱},
  {游린} {游린} {游릱} {游린} {游릱} {游린} {游릱} {游린} {游릱} {游린} {游릱} {游릱},
  {游린} {游린} {游릱} {游린} {游릱} {游린} {游릱} {游린} {游릱} {游릱} {游린} {游릱},
  {游린} {游린} {游릱} {游린} {游릱} {游린} {游릱} {游릱} {游린} {游린} {游릱} {游릱},
  {游린} {游린} {游릱} {游린} {游릱} {游린} {游릱} {游릱} {游린} {游릱} {游린} {游릱},
  {游린} {游린} {游릱} {游린} {游릱} {游린} {游릱} {游릱} {游린} {游릱} {游릱} {游린},
  {游린} {游린} {游릱} {游린} {游릱} {游릱} {游린} {游린} {游릱} {游린} {游릱} {游릱},
  {游린} {游린} {游릱} {游린} {游릱} {游릱} {游린} {游린} {游릱} {游릱} {游린} {游릱},
  {游린} {游린} {游릱} {游린} {游릱} {游릱} {游린} {游릱} {游린} {游린} {游릱} {游릱},
  {游린} {游린} {游릱} {游린} {游릱} {游릱} {游린} {游릱} {游린} {游릱} {游린} {游릱},
  {游린} {游린} {游릱} {游린} {游릱} {游릱} {游린} {游릱} {游린} {游릱} {游릱} {游린},
  {游린} {游린} {游릱} {游린} {游릱} {游릱} {游린} {游릱} {游릱} {游린} {游린} {游릱},
  {游린} {游린} {游릱} {游린} {游릱} {游릱} {游린} {游릱} {游릱} {游린} {游릱} {游린},
  {游린} {游린} {游릱} {游릱} {游린} {游린} {游릱} {游린} {游릱} {游린} {游릱} {游릱},
  {游린} {游린} {游릱} {游릱} {游린} {游린} {游릱} {游린} {游릱} {游릱} {游린} {游릱},
  {游린} {游린} {游릱} {游릱} {游린} {游린} {游릱} {游릱} {游린} {游린} {游릱} {游릱},
  {游린} {游린} {游릱} {游릱} {游린} {游린} {游릱} {游릱} {游린} {游릱} {游린} {游릱},
  {游린} {游린} {游릱} {游릱} {游린} {游린} {游릱} {游릱} {游린} {游릱} {游릱} {游린},
  {游린} {游린} {游릱} {游릱} {游린} {游릱} {游린} {游린} {游릱} {游린} {游릱} {游릱},
  {游린} {游린} {游릱} {游릱} {游린} {游릱} {游린} {游린} {游릱} {游릱} {游린} {游릱},
  {游린} {游린} {游릱} {游릱} {游린} {游릱} {游린} {游릱} {游린} {游린} {游릱} {游릱},
  {游린} {游린} {游릱} {游릱} {游린} {游릱} {游린} {游릱} {游린} {游릱} {游린} {游릱},
  {游린} {游린} {游릱} {游릱} {游린} {游릱} {游린} {游릱} {游린} {游릱} {游릱} {游린},
  {游린} {游린} {游릱} {游릱} {游린} {游릱} {游린} {游릱} {游릱} {游린} {游린} {游릱},
  {游린} {游린} {游릱} {游릱} {游린} {游릱} {游린} {游릱} {游릱} {游린} {游릱} {游린},
  {游린} {游린} {游릱} {游릱} {游린} {游릱} {游릱} {游린} {游린} {游릱} {游린} {游릱},
  {游린} {游린} {游릱} {游릱} {游린} {游릱} {游릱} {游린} {游린} {游릱} {游릱} {游린},
  {游린} {游린} {游릱} {游릱} {游린} {游릱} {游릱} {游린} {游릱} {游린} {游린} {游릱},
  {游린} {游린} {游릱} {游릱} {游린} {游릱} {游릱} {游린} {游릱} {游린} {游릱} {游린},
  {游린} {游린} {游릱} {游릱} {游린} {游릱} {游릱} {游린} {游릱} {游릱} {游린} {游린},
  {游린} {游릱} {游린} {游린} {游릱} {游린} {游린} {游릱} {游릱} {游린} {游릱} {游릱},
  {游린} {游릱} {游린} {游린} {游릱} {游린} {游릱} {游린} {游릱} {游린} {游릱} {游릱},
  {游린} {游릱} {游린} {游린} {游릱} {游린} {游릱} {游린} {游릱} {游릱} {游린} {游릱},
  {游린} {游릱} {游린} {游린} {游릱} {游린} {游릱} {游릱} {游린} {游린} {游릱} {游릱},
  {游린} {游릱} {游린} {游린} {游릱} {游린} {游릱} {游릱} {游린} {游릱} {游린} {游릱},
  {游린} {游릱} {游린} {游린} {游릱} {游린} {游릱} {游릱} {游린} {游릱} {游릱} {游린},
  {游린} {游릱} {游린} {游린} {游릱} {游릱} {游린} {游린} {游릱} {游린} {游릱} {游릱},
  {游린} {游릱} {游린} {游린} {游릱} {游릱} {游린} {游린} {游릱} {游릱} {游린} {游릱},
  {游린} {游릱} {游린} {游린} {游릱} {游릱} {游린} {游릱} {游린} {游린} {游릱} {游릱},
  {游린} {游릱} {游린} {游린} {游릱} {游릱} {游린} {游릱} {游린} {游릱} {游린} {游릱},
  {游린} {游릱} {游린} {游린} {游릱} {游릱} {游린} {游릱} {游린} {游릱} {游릱} {游린},
  {游린} {游릱} {游린} {游린} {游릱} {游릱} {游린} {游릱} {游릱} {游린} {游린} {游릱},
  {游린} {游릱} {游린} {游린} {游릱} {游릱} {游린} {游릱} {游릱} {游린} {游릱} {游린},
  {游린} {游릱} {游린} {游릱} {游린} {游린} {游릱} {游린} {游릱} {游린} {游릱} {游릱},
  {游린} {游릱} {游린} {游릱} {游린} {游린} {游릱} {游린} {游릱} {游릱} {游린} {游릱},
  {游린} {游릱} {游린} {游릱} {游린} {游린} {游릱} {游릱} {游린} {游린} {游릱} {游릱},
  {游린} {游릱} {游린} {游릱} {游린} {游린} {游릱} {游릱} {游린} {游릱} {游린} {游릱},
  {游린} {游릱} {游린} {游릱} {游린} {游린} {游릱} {游릱} {游린} {游릱} {游릱} {游린},
  {游린} {游릱} {游린} {游릱} {游린} {游릱} {游린} {游린} {游릱} {游린} {游릱} {游릱},
  {游린} {游릱} {游린} {游릱} {游린} {游릱} {游린} {游린} {游릱} {游릱} {游린} {游릱},
  {游린} {游릱} {游린} {游릱} {游린} {游릱} {游린} {游릱} {游린} {游린} {游릱} {游릱},
  {游린} {游릱} {游린} {游릱} {游린} {游릱} {游린} {游릱} {游린} {游릱} {游린} {游릱},
  {游린} {游릱} {游린} {游릱} {游린} {游릱} {游린} {游릱} {游린} {游릱} {游릱} {游린},
  {游린} {游릱} {游린} {游릱} {游린} {游릱} {游린} {游릱} {游릱} {游린} {游린} {游릱},
  {游린} {游릱} {游린} {游릱} {游린} {游릱} {游린} {游릱} {游릱} {游린} {游릱} {游린},
  {游린} {游릱} {游린} {游릱} {游린} {游릱} {游릱} {游린} {游린} {游릱} {游린} {游릱},
  {游린} {游릱} {游린} {游릱} {游린} {游릱} {游릱} {游린} {游린} {游릱} {游릱} {游린},
  {游린} {游릱} {游린} {游릱} {游린} {游릱} {游릱} {游린} {游릱} {游린} {游린} {游릱},
  {游린} {游릱} {游린} {游릱} {游린} {游릱} {游릱} {游린} {游릱} {游린} {游릱} {游린},
  {游린} {游릱} {游린} {游릱} {游린} {游릱} {游릱} {游린} {游릱} {游릱} {游린} {游린},
  {游린} {游릱} {游린} {游릱} {游릱} {游린} {游린} {游릱} {游린} {游린} {游릱} {游릱},
  {游린} {游릱} {游린} {游릱} {游릱} {游린} {游린} {游릱} {游린} {游릱} {游린} {游릱},
  {游린} {游릱} {游린} {游릱} {游릱} {游린} {游린} {游릱} {游린} {游릱} {游릱} {游린},
  {游린} {游릱} {游린} {游릱} {游릱} {游린} {游린} {游릱} {游릱} {游린} {游린} {游릱},
  {游린} {游릱} {游린} {游릱} {游릱} {游린} {游린} {游릱} {游릱} {游린} {游릱} {游린},
  {游린} {游릱} {游린} {游릱} {游릱} {游린} {游릱} {游린} {游린} {游릱} {游린} {游릱},
  {游린} {游릱} {游린} {游릱} {游릱} {游린} {游릱} {游린} {游린} {游릱} {游릱} {游린},
  {游린} {游릱} {游린} {游릱} {游릱} {游린} {游릱} {游린} {游릱} {游린} {游린} {游릱},
  {游린} {游릱} {游린} {游릱} {游릱} {游린} {游릱} {游린} {游릱} {游린} {游릱} {游린},
  {游린} {游릱} {游린} {游릱} {游릱} {游린} {游릱} {游린} {游릱} {游릱} {游린} {游린},
  {游린} {游릱} {游린} {游릱} {游릱} {游린} {游릱} {游릱} {游린} {游린} {游릱} {游린},
  {游린} {游릱} {游린} {游릱} {游릱} {游린} {游릱} {游릱} {游린} {游릱} {游린} {游린},
  {游린} {游릱} {游릱} {游린} {游린} {游릱} {游린} {游린} {游릱} {游린} {游릱} {游릱},
  {游린} {游릱} {游릱} {游린} {游린} {游릱} {游린} {游린} {游릱} {游릱} {游린} {游릱},
  {游린} {游릱} {游릱} {游린} {游린} {游릱} {游린} {游릱} {游린} {游린} {游릱} {游릱},
  {游린} {游릱} {游릱} {游린} {游린} {游릱} {游린} {游릱} {游린} {游릱} {游린} {游릱},
  {游린} {游릱} {游릱} {游린} {游린} {游릱} {游린} {游릱} {游린} {游릱} {游릱} {游린},
  {游린} {游릱} {游릱} {游린} {游린} {游릱} {游린} {游릱} {游릱} {游린} {游린} {游릱},
  {游린} {游릱} {游릱} {游린} {游린} {游릱} {游린} {游릱} {游릱} {游린} {游릱} {游린},
  {游린} {游릱} {游릱} {游린} {游린} {游릱} {游릱} {游린} {游린} {游릱} {游린} {游릱},
  {游린} {游릱} {游릱} {游린} {游린} {游릱} {游릱} {游린} {游린} {游릱} {游릱} {游린},
  {游린} {游릱} {游릱} {游린} {游린} {游릱} {游릱} {游린} {游릱} {游린} {游린} {游릱},
  {游린} {游릱} {游릱} {游린} {游린} {游릱} {游릱} {游린} {游릱} {游린} {游릱} {游린},
  {游린} {游릱} {游릱} {游린} {游린} {游릱} {游릱} {游린} {游릱} {游릱} {游린} {游린},
  {游린} {游릱} {游릱} {游린} {游릱} {游린} {游린} {游릱} {游린} {游린} {游릱} {游릱},
  {游린} {游릱} {游릱} {游린} {游릱} {游린} {游린} {游릱} {游린} {游릱} {游린} {游릱},
  {游린} {游릱} {游릱} {游린} {游릱} {游린} {游린} {游릱} {游린} {游릱} {游릱} {游린},
  {游린} {游릱} {游릱} {游린} {游릱} {游린} {游린} {游릱} {游릱} {游린} {游린} {游릱},
  {游린} {游릱} {游릱} {游린} {游릱} {游린} {游린} {游릱} {游릱} {游린} {游릱} {游린},
  {游린} {游릱} {游릱} {游린} {游릱} {游린} {游릱} {游린} {游린} {游릱} {游린} {游릱},
  {游린} {游릱} {游릱} {游린} {游릱} {游린} {游릱} {游린} {游린} {游릱} {游릱} {游린},
  {游린} {游릱} {游릱} {游린} {游릱} {游린} {游릱} {游린} {游릱} {游린} {游린} {游릱},
  {游린} {游릱} {游릱} {游린} {游릱} {游린} {游릱} {游린} {游릱} {游린} {游릱} {游린},
  {游린} {游릱} {游릱} {游린} {游릱} {游린} {游릱} {游린} {游릱} {游릱} {游린} {游린},
  {游린} {游릱} {游릱} {游린} {游릱} {游린} {游릱} {游릱} {游린} {游린} {游릱} {游린},
  {游린} {游릱} {游릱} {游린} {游릱} {游린} {游릱} {游릱} {游린} {游릱} {游린} {游린},
  {游린} {游릱} {游릱} {游린} {游릱} {游릱} {游린} {游린} {游릱} {游린} {游린} {游릱},
  {游린} {游릱} {游릱} {游린} {游릱} {游릱} {游린} {游린} {游릱} {游린} {游릱} {游린},
  {游린} {游릱} {游릱} {游린} {游릱} {游릱} {游린} {游린} {游릱} {游릱} {游린} {游린},
  {游린} {游릱} {游릱} {游린} {游릱} {游릱} {游린} {游릱} {游린} {游린} {游릱} {游린},
  {游린} {游릱} {游릱} {游린} {游릱} {游릱} {游린} {游릱} {游린} {游릱} {游린} {游린},
  {游릱} {游린} {游린} {游릱} {游린} {游린} {游릱} {游린} {游릱} {游린} {游릱} {游릱},
  {游릱} {游린} {游린} {游릱} {游린} {游린} {游릱} {游린} {游릱} {游릱} {游린} {游릱},
  {游릱} {游린} {游린} {游릱} {游린} {游린} {游릱} {游릱} {游린} {游린} {游릱} {游릱},
  {游릱} {游린} {游린} {游릱} {游린} {游린} {游릱} {游릱} {游린} {游릱} {游린} {游릱},
  {游릱} {游린} {游린} {游릱} {游린} {游린} {游릱} {游릱} {游린} {游릱} {游릱} {游린},
  {游릱} {游린} {游린} {游릱} {游린} {游릱} {游린} {游린} {游릱} {游린} {游릱} {游릱},
  {游릱} {游린} {游린} {游릱} {游린} {游릱} {游린} {游린} {游릱} {游릱} {游린} {游릱},
  {游릱} {游린} {游린} {游릱} {游린} {游릱} {游린} {游릱} {游린} {游린} {游릱} {游릱},
  {游릱} {游린} {游린} {游릱} {游린} {游릱} {游린} {游릱} {游린} {游릱} {游린} {游릱},
  {游릱} {游린} {游린} {游릱} {游린} {游릱} {游린} {游릱} {游린} {游릱} {游릱} {游린},
  {游릱} {游린} {游린} {游릱} {游린} {游릱} {游린} {游릱} {游릱} {游린} {游린} {游릱},
  {游릱} {游린} {游린} {游릱} {游린} {游릱} {游린} {游릱} {游릱} {游린} {游릱} {游린},
  {游릱} {游린} {游린} {游릱} {游린} {游릱} {游릱} {游린} {游린} {游릱} {游린} {游릱},
  {游릱} {游린} {游린} {游릱} {游린} {游릱} {游릱} {游린} {游린} {游릱} {游릱} {游린},
  {游릱} {游린} {游린} {游릱} {游린} {游릱} {游릱} {游린} {游릱} {游린} {游린} {游릱},
  {游릱} {游린} {游린} {游릱} {游린} {游릱} {游릱} {游린} {游릱} {游린} {游릱} {游린},
  {游릱} {游린} {游린} {游릱} {游린} {游릱} {游릱} {游린} {游릱} {游릱} {游린} {游린},
  {游릱} {游린} {游린} {游릱} {游릱} {游린} {游린} {游릱} {游린} {游린} {游릱} {游릱},
  {游릱} {游린} {游린} {游릱} {游릱} {游린} {游린} {游릱} {游린} {游릱} {游린} {游릱},
  {游릱} {游린} {游린} {游릱} {游릱} {游린} {游린} {游릱} {游린} {游릱} {游릱} {游린},
  {游릱} {游린} {游린} {游릱} {游릱} {游린} {游린} {游릱} {游릱} {游린} {游린} {游릱},
  {游릱} {游린} {游린} {游릱} {游릱} {游린} {游린} {游릱} {游릱} {游린} {游릱} {游린},
  {游릱} {游린} {游린} {游릱} {游릱} {游린} {游릱} {游린} {游린} {游릱} {游린} {游릱},
  {游릱} {游린} {游린} {游릱} {游릱} {游린} {游릱} {游린} {游린} {游릱} {游릱} {游린},
  {游릱} {游린} {游린} {游릱} {游릱} {游린} {游릱} {游린} {游릱} {游린} {游린} {游릱},
  {游릱} {游린} {游린} {游릱} {游릱} {游린} {游릱} {游린} {游릱} {游린} {游릱} {游린},
  {游릱} {游린} {游린} {游릱} {游릱} {游린} {游릱} {游린} {游릱} {游릱} {游린} {游린},
  {游릱} {游린} {游린} {游릱} {游릱} {游린} {游릱} {游릱} {游린} {游린} {游릱} {游린},
  {游릱} {游린} {游린} {游릱} {游릱} {游린} {游릱} {游릱} {游린} {游릱} {游린} {游린},
  {游릱} {游린} {游릱} {游린} {游린} {游릱} {游린} {游린} {游릱} {游린} {游릱} {游릱},
  {游릱} {游린} {游릱} {游린} {游린} {游릱} {游린} {游린} {游릱} {游릱} {游린} {游릱},
  {游릱} {游린} {游릱} {游린} {游린} {游릱} {游린} {游릱} {游린} {游린} {游릱} {游릱},
  {游릱} {游린} {游릱} {游린} {游린} {游릱} {游린} {游릱} {游린} {游릱} {游린} {游릱},
  {游릱} {游린} {游릱} {游린} {游린} {游릱} {游린} {游릱} {游린} {游릱} {游릱} {游린},
  {游릱} {游린} {游릱} {游린} {游린} {游릱} {游린} {游릱} {游릱} {游린} {游린} {游릱},
  {游릱} {游린} {游릱} {游린} {游린} {游릱} {游린} {游릱} {游릱} {游린} {游릱} {游린},
  {游릱} {游린} {游릱} {游린} {游린} {游릱} {游릱} {游린} {游린} {游릱} {游린} {游릱},
  {游릱} {游린} {游릱} {游린} {游린} {游릱} {游릱} {游린} {游린} {游릱} {游릱} {游린},
  {游릱} {游린} {游릱} {游린} {游린} {游릱} {游릱} {游린} {游릱} {游린} {游린} {游릱},
  {游릱} {游린} {游릱} {游린} {游린} {游릱} {游릱} {游린} {游릱} {游린} {游릱} {游린},
  {游릱} {游린} {游릱} {游린} {游린} {游릱} {游릱} {游린} {游릱} {游릱} {游린} {游린},
  {游릱} {游린} {游릱} {游린} {游릱} {游린} {游린} {游릱} {游린} {游린} {游릱} {游릱},
  {游릱} {游린} {游릱} {游린} {游릱} {游린} {游린} {游릱} {游린} {游릱} {游린} {游릱},
  {游릱} {游린} {游릱} {游린} {游릱} {游린} {游린} {游릱} {游린} {游릱} {游릱} {游린},
  {游릱} {游린} {游릱} {游린} {游릱} {游린} {游린} {游릱} {游릱} {游린} {游린} {游릱},
  {游릱} {游린} {游릱} {游린} {游릱} {游린} {游린} {游릱} {游릱} {游린} {游릱} {游린},
  {游릱} {游린} {游릱} {游린} {游릱} {游린} {游릱} {游린} {游린} {游릱} {游린} {游릱},
  {游릱} {游린} {游릱} {游린} {游릱} {游린} {游릱} {游린} {游린} {游릱} {游릱} {游린},
  {游릱} {游린} {游릱} {游린} {游릱} {游린} {游릱} {游린} {游릱} {游린} {游린} {游릱},
  {游릱} {游린} {游릱} {游린} {游릱} {游린} {游릱} {游린} {游릱} {游린} {游릱} {游린},
  {游릱} {游린} {游릱} {游린} {游릱} {游린} {游릱} {游린} {游릱} {游릱} {游린} {游린},
  {游릱} {游린} {游릱} {游린} {游릱} {游린} {游릱} {游릱} {游린} {游린} {游릱} {游린},
  {游릱} {游린} {游릱} {游린} {游릱} {游린} {游릱} {游릱} {游린} {游릱} {游린} {游린},
  {游릱} {游린} {游릱} {游린} {游릱} {游릱} {游린} {游린} {游릱} {游린} {游린} {游릱},
  {游릱} {游린} {游릱} {游린} {游릱} {游릱} {游린} {游린} {游릱} {游린} {游릱} {游린},
  {游릱} {游린} {游릱} {游린} {游릱} {游릱} {游린} {游린} {游릱} {游릱} {游린} {游린},
  {游릱} {游린} {游릱} {游린} {游릱} {游릱} {游린} {游릱} {游린} {游린} {游릱} {游린},
  {游릱} {游린} {游릱} {游린} {游릱} {游릱} {游린} {游릱} {游린} {游릱} {游린} {游린},
  {游릱} {游린} {游릱} {游릱} {游린} {游린} {游릱} {游린} {游린} {游릱} {游린} {游릱},
  {游릱} {游린} {游릱} {游릱} {游린} {游린} {游릱} {游린} {游린} {游릱} {游릱} {游린},
  {游릱} {游린} {游릱} {游릱} {游린} {游린} {游릱} {游린} {游릱} {游린} {游린} {游릱},
  {游릱} {游린} {游릱} {游릱} {游린} {游린} {游릱} {游린} {游릱} {游린} {游릱} {游린},
  {游릱} {游린} {游릱} {游릱} {游린} {游린} {游릱} {游린} {游릱} {游릱} {游린} {游린},
  {游릱} {游린} {游릱} {游릱} {游린} {游린} {游릱} {游릱} {游린} {游린} {游릱} {游린},
  {游릱} {游린} {游릱} {游릱} {游린} {游린} {游릱} {游릱} {游린} {游릱} {游린} {游린},
  {游릱} {游린} {游릱} {游릱} {游린} {游릱} {游린} {游린} {游릱} {游린} {游린} {游릱},
  {游릱} {游린} {游릱} {游릱} {游린} {游릱} {游린} {游린} {游릱} {游린} {游릱} {游린},
  {游릱} {游린} {游릱} {游릱} {游린} {游릱} {游린} {游린} {游릱} {游릱} {游린} {游린},
  {游릱} {游린} {游릱} {游릱} {游린} {游릱} {游린} {游릱} {游린} {游린} {游릱} {游린},
  {游릱} {游린} {游릱} {游릱} {游린} {游릱} {游린} {游릱} {游린} {游릱} {游린} {游린},
  {游릱} {游린} {游릱} {游릱} {游린} {游릱} {游릱} {游린} {游린} {游릱} {游린} {游린},
  {游릱} {游릱} {游린} {游린} {游릱} {游린} {游린} {游릱} {游린} {游린} {游릱} {游릱},
  {游릱} {游릱} {游린} {游린} {游릱} {游린} {游린} {游릱} {游린} {游릱} {游린} {游릱},
  {游릱} {游릱} {游린} {游린} {游릱} {游린} {游린} {游릱} {游린} {游릱} {游릱} {游린},
  {游릱} {游릱} {游린} {游린} {游릱} {游린} {游린} {游릱} {游릱} {游린} {游린} {游릱},
  {游릱} {游릱} {游린} {游린} {游릱} {游린} {游린} {游릱} {游릱} {游린} {游릱} {游린},
  {游릱} {游릱} {游린} {游린} {游릱} {游린} {游릱} {游린} {游린} {游릱} {游린} {游릱},
  {游릱} {游릱} {游린} {游린} {游릱} {游린} {游릱} {游린} {游린} {游릱} {游릱} {游린},
  {游릱} {游릱} {游린} {游린} {游릱} {游린} {游릱} {游린} {游릱} {游린} {游린} {游릱},
  {游릱} {游릱} {游린} {游린} {游릱} {游린} {游릱} {游린} {游릱} {游린} {游릱} {游린},
  {游릱} {游릱} {游린} {游린} {游릱} {游린} {游릱} {游린} {游릱} {游릱} {游린} {游린},
  {游릱} {游릱} {游린} {游린} {游릱} {游린} {游릱} {游릱} {游린} {游린} {游릱} {游린},
  {游릱} {游릱} {游린} {游린} {游릱} {游린} {游릱} {游릱} {游린} {游릱} {游린} {游린},
  {游릱} {游릱} {游린} {游린} {游릱} {游릱} {游린} {游린} {游릱} {游린} {游린} {游릱},
  {游릱} {游릱} {游린} {游린} {游릱} {游릱} {游린} {游린} {游릱} {游린} {游릱} {游린},
  {游릱} {游릱} {游린} {游린} {游릱} {游릱} {游린} {游린} {游릱} {游릱} {游린} {游린},
  {游릱} {游릱} {游린} {游린} {游릱} {游릱} {游린} {游릱} {游린} {游린} {游릱} {游린},
  {游릱} {游릱} {游린} {游린} {游릱} {游릱} {游린} {游릱} {游린} {游릱} {游린} {游린},
  {游릱} {游릱} {游린} {游릱} {游린} {游린} {游릱} {游린} {游린} {游릱} {游린} {游릱},
  {游릱} {游릱} {游린} {游릱} {游린} {游린} {游릱} {游린} {游린} {游릱} {游릱} {游린},
  {游릱} {游릱} {游린} {游릱} {游린} {游린} {游릱} {游린} {游릱} {游린} {游린} {游릱},
  {游릱} {游릱} {游린} {游릱} {游린} {游린} {游릱} {游린} {游릱} {游린} {游릱} {游린},
  {游릱} {游릱} {游린} {游릱} {游린} {游린} {游릱} {游린} {游릱} {游릱} {游린} {游린},
  {游릱} {游릱} {游린} {游릱} {游린} {游린} {游릱} {游릱} {游린} {游린} {游릱} {游린},
  {游릱} {游릱} {游린} {游릱} {游린} {游린} {游릱} {游릱} {游린} {游릱} {游린} {游린},
  {游릱} {游릱} {游린} {游릱} {游린} {游릱} {游린} {游린} {游릱} {游린} {游린} {游릱},
  {游릱} {游릱} {游린} {游릱} {游린} {游릱} {游린} {游린} {游릱} {游린} {游릱} {游린},
  {游릱} {游릱} {游린} {游릱} {游린} {游릱} {游린} {游린} {游릱} {游릱} {游린} {游린},
  {游릱} {游릱} {游린} {游릱} {游린} {游릱} {游린} {游릱} {游린} {游린} {游릱} {游린},
  {游릱} {游릱} {游린} {游릱} {游린} {游릱} {游린} {游릱} {游린} {游릱} {游린} {游린},
  {游릱} {游릱} {游린} {游릱} {游린} {游릱} {游릱} {游린} {游린} {游릱} {游린} {游린},
  {游릱} {游릱} {游린} {游릱} {游릱} {游린} {游린} {游릱} {游린} {游린} {游릱} {游린},
  {游릱} {游릱} {游린} {游릱} {游릱} {游린} {游린} {游릱} {游린} {游릱} {游린} {游린},
  {游릱} {游릱} {游린} {游릱} {游릱} {游린} {游릱} {游린} {游린} {游릱} {游린} {游린},
]
`;
