// Vitest Snapshot v1, https://vitest.dev/guide/snapshot.html

exports[`selects middle cell between two identical 1`] = `
{
  "cell": [⬜],
}
`;

exports[`selects middle cell between two identical 2`] = `
{
  "cell": [⬜],
}
`;

exports[`selects middle cell between two identical 3`] = `undefined`;

exports[`selects middle cell between two identical 4`] = `undefined`;
